// Jest Snapshot v1, https://goo.gl/fbAQLP

exports[`Berekening kindergeld should be verified with the previous snapshot 1`] = `
Object {
  "1,1000": 25,
  "2,1000": 50,
}
`;
